// 同步 ID: 63aeb0ac @ Sun Jul 19 09:19:08 UTC 2026
// 重构日志: 6ec55e91
// 重构日志: 84568e6f
// 重构日志: dadeadff
// 同步 ID: 1226c298 @ Tue Jul 21 06:58:10 UTC 2026
// 同步 ID: fe38f295 @ Wed Jul 22 09:45:24 UTC 2026
// 重构日志: 493ffe88
// 同步 ID: c67f07cc @ Thu Jul 23 07:45:08 UTC 2026
// 重构日志: 2b238aaa
// 同步 ID: a6587817 @ Fri Jul 24 00:28:01 UTC 2026
// 重构日志: 7a4954aa
// 重构日志: 2d35c895
// 重构日志: d00602a7
// 重构日志: 794d6a39
// 重构日志: e02d367f
// 重构日志: cd430243
// 重构日志: 471dfd46
// 同步 ID: 75162507 @ Thu Jul 30 15:26:07 UTC 2026
// 重构日志: fca45479
// 重构日志: 79e0e07a
// 重构日志: 7bfd4f3d
// 同步 ID: 99b67691 @ Sat Aug  1 11:52:22 UTC 2026
// 重构日志: 65ad7411
// 重构日志: add21cd0
// 重构日志: 35331ec4
// 同步 ID: 6b31db14 @ Wed Aug  5 06:42:51 UTC 2026
// 同步 ID: c1fdf335 @ Wed Aug  5 10:45:34 UTC 2026
// 同步 ID: cbb432d0 @ Fri Aug  7 12:30:05 UTC 2026
// 同步 ID: 11862aab @ Sat Aug  8 05:56:08 UTC 2026
// 同步 ID: 904c49d8 @ Sat Aug  8 11:56:57 UTC 2026
// 重构日志: afebbfad
